I'm sorry, but errors were detected in your script. Please correct the
errors listed below, and try again.


File "game/script.rpy", line 1: expected ':' not found.
    init python
               ^

Ren'Py Version: Ren'Py 8.1.1.23060707
Thu Jun  8 18:50:39 2023
